
Hexadecimal

Area                               Addr   Size   Decimal Bytes (Attributes)
--------------------------------   ----   ----   ------- ----- ------------
CABS                               0000   0000 =      0. bytes (ABS,CON,CODE)

      Value  Global
   --------  --------------------------------
  0C:0000    l_CABS
  0C:0000    l_GSINIT1
  0C:0000    l_GSINIT5
  0C:0000    l_IABS
  0C:0000    l_ISEG
  0C:0000    l_PSEG
  0C:0000    l_REG_BANK_1
  0C:0000    l_REG_BANK_2
  0C:0000    l_REG_BANK_3
  0C:0000    l_RSEG
  0C:0000    l_XABS
  0C:0000    l_XINIT
  0C:0000    l_XISEG
  0C:0000    l_XSEG
  0C:0000    l__CODE
  0C:0000    s_BSEG
  0C:0000    s_CABS
  0C:0000    s_DSEG
  0C:0000    s_HOME
  0C:0000    s_IABS
  0C:0000    s_ISEG
  0C:0000    s_PSEG
  0C:0000    s_REG_BANK_0
  0C:0000    s_XABS
  0C:0000    s_XISEG
  0C:0000    s_XSEG
  0C:0001    l_BIT_BANK
  0C:0002    l_BSEG_BYTES
  0C:0003    l_GSFINAL
  0C:0003    l_GSINIT0
  0C:0003    l_OSEG
  0C:0008    l_REG_BANK_0
  0C:0008    s_OSEG
  0C:0008    s_REG_BANK_1
  0C:0009    l_BSEG
  0C:000A    l_CONST
  0C:000A    l_GSINIT2
  0C:0010    s_REG_BANK_2
  0C:0018    s_REG_BANK_3
  0C:0020    s_BSEG_BYTES
  0C:0020    s__CODE
  0C:0022    l_GSINIT3
  0C:0022    s_BIT_BANK
  0C:002A    l_GSINIT4
  0C:002B    l_HOME
  0C:002B    s_GSINIT0
  0C:002E    s_GSINIT1
  0C:002E    s_GSINIT2
  0C:0038    s_GSINIT3
  0C:005A    s_GSINIT4
  0C:0066    s_RSEG
  0C:0066    s_SSEG
  0C:006B    l_DSEG
  0C:0084    s_GSINIT
  0C:0084    s_GSINIT5
  0C:009A    l_SSEG
  0C:009F    l_GSINIT
  0C:0100    l_IRAM
  0C:0123    s_GSFINAL
  0C:0126    s_CSEG
  0C:0F93    l_CSEG
  0C:10B9    s_CONST
  0C:10C3    s_XINIT



Hexadecimal

Area                               Addr   Size   Decimal Bytes (Attributes)
--------------------------------   ----   ----   ------- ----- ------------
.  .ABS.                           0000   0000 =      0. bytes (ABS,CON)

      Value  Global
   --------  --------------------------------
     0080    _P0
     0080    _P0_0
     0081    _P0_1
     0081    _SP
     0082    _DPL
     0082    _P0_2
     0083    _DPH
     0083    _P0_3
     0084    _P0_4
     0085    _P0_5
     0086    _P0_6
     0087    _P0_7
     0087    _PCON
     0088    _IT0
     0088    _TCON
     0089    _IE0
     0089    _TMOD
     008A    _IT1
     008A    _TL0
     008B    _IE1
     008B    _TL1
     008C    _TH0
     008C    _TR0
     008D    _TF0
     008D    _TH1
     008E    _TR1
     008F    _TF1
     0090    _P1
     0090    _P1_0
     0091    _P1_1
     0092    _P1_2
     0093    _P1_3
     0094    _P1_4
     0095    _P1_5
     0096    _P1_6
     0096    _seg
     0097    _LED
     0097    _P1_7
     0098    _RI
     0098    _SCON
     0099    _SBUF
     0099    _TI
     009A    _RB8
     009B    _TB8
     009C    _REN
     009D    _SM2
     009E    _SM1
     009F    _SM0
     00A0    _P2
     00A0    _P2_0
     00A0    __XPAGE
     00A1    _P2_1
     00A2    _P2_2
     00A3    _P2_3
     00A4    _P2_4
     00A5    _P2_5
     00A6    _P2_6
     00A7    _P2_7
     00A8    _EX0
     00A8    _IE
     00A9    _ET0
     00AA    _EX1
     00AB    _ET1
     00AC    _ES
     00AF    _EA
     00B0    _P3
     00B0    _P3_0
     00B0    _RXD
     00B1    _P3_1
     00B1    _TXD
     00B2    _INT0
     00B2    _P3_2
     00B3    _INT1
     00B3    _P3_3
     00B4    _P3_4
     00B4    _T0
     00B5    _P3_5
     00B5    _T1
     00B5    _kbt1
     00B6    _P3_6
     00B6    _WR
     00B7    _P3_7
     00B7    _RD
     00B8    _IP
     00B8    _PX0
     00B9    _PT0
     00BA    _PX1
     00BB    _PT1
     00BC    _PS
     00D0    _P
     00D0    _PSW
     00D1    _F1
     00D2    _OV
     00D3    _RS0
     00D4    _RS1
     00D5    _F0
     00D6    _AC
     00D7    _CY
     00E0    _ACC
     00F0    _B







Hexadecimal

Area                               Addr   Size   Decimal Bits  (Attributes)
--------------------------------   ----   ----   ------- ----- ------------
BSEG                               0000   0009 =      9. bits  (REL,CON,BIT)

      Value  Global
   --------  --------------------------------
  0B:0000    _recflag
  0B:0001    _sendflag
  0B:0002    _migflag
  0B:0003    _edycja
  0B:0004    _nieodsw
  0B:0005    _niezmienia
  0B:0006    _pomock
  0B:0007    _pom3
  0B:0008    _t0_flag1


Hexadecimal

Area                               Addr   Size   Decimal Bytes (Attributes)
--------------------------------   ----   ----   ------- ----- ------------
DSEG                               0000   006B =    107. bytes (REL,CON)

      Value  Global
   --------  --------------------------------
     0023    _ile
     0024    _indeks
     0025    _ktoryedytowany
     0026    _licznik
     0028    _wyswietlana
     0029    _indeks1
     002A    _x
     002C    _znaki_odebrane
     003B    _licznik2
     003C    _licznik3
     003D    _key
     003E    _lcdindeks
     0040    _errindeks
     0041    _trybedycji
     0047    _liczbystartowe
     004D    _klawmultiplekss
     004E    _y
     004F    _buf_CSDB
     0051    _buf_CSDS
     0053    _buf_CSKB1
     0055    _LCDWC
     0057    _LCDWD
     0059    _LCDRC
     005B    _i
     005C    _historia
     005E    _indeksh
     005F    _ilerozkazow
     0060    _histpom
     0061    _a
     0062    _b

Hexadecimal

Area                               Addr   Size   Decimal Bytes (Attributes)
--------------------------------   ----   ----   ------- ----- ------------
OSEG                               0008   0003 =      3. bytes (REL,OVR)

      Value  Global
   --------  --------------------------------
     0008    _TIME_sloc0_1_0
     000A    _TIME_sloc1_1_0


Hexadecimal

Area                               Addr   Size   Decimal Bytes (Attributes)
--------------------------------   ----   ----   ------- ----- ------------
SSEG                               0066   009A =    154. bytes (REL,OVR)

      Value  Global
   --------  --------------------------------
     0066    __start__stack





Hexadecimal

Area                               Addr   Size   Decimal Bytes (Attributes)
--------------------------------   ----   ----   ------- ----- ------------
HOME                               0000   002B =     43. bytes (REL,CON,CODE)

      Value  Global
   --------  --------------------------------
  0C:0026    __sdcc_program_startup

Hexadecimal

Area                               Addr   Size   Decimal Bytes (Attributes)
--------------------------------   ----   ----   ------- ----- ------------
GSINIT0                            002B   0003 =      3. bytes (REL,CON,CODE)

      Value  Global
   --------  --------------------------------
  0C:002B    __sdcc_gsinit_startup



Hexadecimal

Area                               Addr   Size   Decimal Bytes (Attributes)
--------------------------------   ----   ----   ------- ----- ------------
GSINIT3                            0038   0022 =     34. bytes (REL,CON,CODE)

      Value  Global
   --------  --------------------------------
  0C:0038    __mcs51_genXINIT

Hexadecimal

Area                               Addr   Size   Decimal Bytes (Attributes)
--------------------------------   ----   ----   ------- ----- ------------
GSINIT4                            005A   002A =     42. bytes (REL,CON,CODE)

      Value  Global
   --------  --------------------------------
  0C:005A    __mcs51_genRAMCLEAR
  0C:0060    __mcs51_genXRAMCLEAR




Hexadecimal

Area                               Addr   Size   Decimal Bytes (Attributes)
--------------------------------   ----   ----   ------- ----- ------------
CSEG                               0126   0F93 =   3987. bytes (REL,CON,CODE)

      Value  Global
   --------  --------------------------------
  0C:0126    __7SEG_REFRESH
  0C:01AA    _t0_int
  0C:020A    _INIT
  0C:0272    _TIME
  0C:031B    _OBSLUGA
  0C:0590    _KLAW_MULT
  0C:05C4    _main
  0C:05FF    _sio_int
  0C:060B    _send
  0C:0642    _rec
  0C:0680    _GET
  0C:06D1    _SET
  0C:0837    _zerowanieodbioru
  0C:086A    __KB
  0C:08C2    _poczekaj
  0C:08D3    _LCDGET
  0C:0AE4    _LCDEDIT
  0C:0CF5    _LCDSET
  0C:0F06    _LCDERR
  0C:0FF1    _wypiszh
  0C:1061    _przesun
  0C:10B5    __sdcc_external_startup

Hexadecimal

Area                               Addr   Size   Decimal Bytes (Attributes)
--------------------------------   ----   ----   ------- ----- ------------
CONST                              10B9   000A =     10. bytes (REL,CON,CODE)

      Value  Global
   --------  --------------------------------
  0C:10B9    _Cyfry

ASxxxx Linker V01.75 + NoICE + SDCC Feb 1999,  page 1.

Files Linked      [ module(s) ]

Projekt_Damian_Tomczyszyn.rel

Libraries Linked            [   object  file   ]

D:\EmbeSy\SDCC\bin\..\lib\small/mcs51.lib    [     crtclear.rel ]
D:\EmbeSy\SDCC\bin\..\lib\small/mcs51.lib    [     crtxinit.rel ]
D:\EmbeSy\SDCC\bin\..\lib\small/mcs51.lib    [    crtxclear.rel ]
D:\EmbeSy\SDCC\bin\..\lib\small/mcs51.lib    [   crtpagesfr.rel ]
D:\EmbeSy\SDCC\bin\..\lib\small/mcs51.lib    [     crtstart.rel ]
D:\EmbeSy\SDCC\bin\..\lib\small/libsdcc.lib    [     _startup.rel ]

ASxxxx Linker V01.75 + NoICE + SDCC Feb 1999,  page 2.

User Base Address Definitions

HOME = 0x0000
ISEG = 0x0000
BSEG = 0x0000

